// Jest Snapshot v1, https://goo.gl/fbAQLP

exports[`Displays the titlePhotoDesc component correctly matches snapshot 1`] = `
<div>
  <div
    className="titleBox"
  />
  <h2>
    Kayak
  </h2>
  <p>
    Ipsum data data data
  </p>
</div>
`;
